STATUS_REPORT
model=unknown
model_capabilities=-
provider=ollama
logged_in=false
account=-
provider_ready=true
permission_mode=default
compact_mode=auto
compact_requested=false
resume_requested=false
output_style=-
theme=dark
session_id=-
session_path=-
context_files=0
project_paths=0
history_entries=2
memory_entries=2
working_dir=.
workspace_root=.
path_scope=workspace
turns=0
tool_inflight=0
tasks_total=2
tasks_running=0
tasks_completed=12
teams_total=0
teams_active=0
last_stop_reason=-
