SESSION_INFO
remote_mode=true
session_id=session-startup-42
session_path=/tmp/.alliecode/sessions/session-startup-42.jsonl
url=https://example.test/session/abc
qr_available=true
views=5
hosting=false
host_addr=-
connected=false
connected_addr=-
token_source=-
token_prefix=-
host_count=0
connect_count=0
disconnect_count=0
mode=-
manager_state=-
transport_state=-
reconnecting=false
reconnect_reason=-
reconnect_error_class=-
reconnect_count=0
reconnect_detail=-
